// 重构日志: 9adb19fe
// 同步 ID: 263a0335 @ Mon Jul 20 12:10:48 UTC 2026
// 重构日志: 6d283a43
// 重构日志: a5e35eb5
// 重构日志: b252e68c
// 重构日志: eadf8eae
// 同步 ID: 15f56234 @ Wed Jul 22 15:18:58 UTC 2026
// 同步 ID: 9724cfdd @ Wed Jul 22 16:58:54 UTC 2026
// 重构日志: d7678218
// 重构日志: b16369ee
// 重构日志: 8826a5f1
// 同步 ID: 816900a0 @ Thu Jul 23 16:27:23 UTC 2026
// 同步 ID: f4911a8e @ Thu Jul 23 18:27:11 UTC 2026
// 重构日志: 46c4e95b
// 同步 ID: de916114 @ Sat Jul 25 07:58:11 UTC 2026
// 同步 ID: ee3a50a4 @ Sat Jul 25 10:36:05 UTC 2026
// 重构日志: bfffc831
// 重构日志: 224f6035
// 同步 ID: 97439cd6 @ Sun Jul 26 14:24:23 UTC 2026
// 重构日志: fc7c3b42
// 重构日志: 75e373bd
// 重构日志: 2061a1c4
// 同步 ID: c6209cc8 @ Mon Jul 27 12:57:21 UTC 2026
// 重构日志: d0b72716
// 同步 ID: 40a4cda6 @ Tue Jul 28 12:42:18 UTC 2026
// 同步 ID: 1ed23d25 @ Wed Jul 29 00:35:02 UTC 2026
// 重构日志: c03388dd
// 重构日志: 87f3bf34
// 同步 ID: 008e28b4 @ Wed Jul 29 14:51:41 UTC 2026
// 同步 ID: 94f813e2 @ Wed Jul 29 17:13:35 UTC 2026
// 重构日志: 1fe6fd37
// 重构日志: 874e5b41
// 重构日志: d44386ad
// 重构日志: 56a66dc2
// 重构日志: 76955ca2
// 重构日志: a726d7d3
// 重构日志: 6f158c7e
// 重构日志: dc50ab61
